// Jest Snapshot v1, https://goo.gl/fbAQLP

exports[`should render correctly 1`] = `
<div
  className="container"
>
  <p
    className="message"
  >
    You have a test message
  </p>
</div>
`;
