// Jest Snapshot v1, https://goo.gl/fbAQLP

exports[`should render correctly 1`] = `
<div>
  <h1>
    Hello stocks
  </h1>
</div>
`;
